[
  {
    "category": "woman",
    "domain": "gender",
    "keywords": {
      "woman": {
        "keyword_type": "sub-concepts",
        "keyword_provider": "manual",
        "targeted_scrap_area": [
          {
            "source_tag": "default",
            "scrap_area_type": "unknown",
            "scrap_area_specification": []
          }
        ],
        "scrap_mode": "in_page",
        "scrap_shared_area": "Yes"
      },
      "female": {
        "keyword_type": "sub-concepts",
        "keyword_provider": "embedding",
        "scrap_mode": "in_page",
        "scrap_shared_area": "Yes"
      },
      "women": {
        "keyword_type": "sub-concepts",
        "keyword_provider": "embedding",
        "scrap_mode": "in_page",
        "scrap_shared_area": "Yes"
      },
      "she": {
        "keyword_type": "sub-concepts",
        "keyword_provider": "embedding",
        "scrap_mode": "in_page",
        "scrap_shared_area": "Yes"
      },
      "her": {
        "keyword_type": "sub-concepts",
        "keyword_provider": "embedding",
        "scrap_mode": "in_page",
        "scrap_shared_area": "Yes"
      },
      "feminist": {
        "keyword_type": "sub-concepts",
        "keyword_provider": "embedding",
        "scrap_mode": "in_page",
        "scrap_shared_area": "Yes"
      },
      "feminine": {
        "keyword_type": "sub-concepts",
        "keyword_provider": "embedding",
        "scrap_mode": "in_page",
        "scrap_shared_area": "Yes"
      }
    },
    "category_shared_scrap_area": [
      {
        "source_tag": "wiki",
        "scrap_area_type": "wiki_urls",
        "scrap_area_specification": [
          "https://en.wikipedia.org/wiki/Woman",
          "https://en.wikipedia.org/wiki/Female",
          "https://en.wikipedia.org/wiki/Lady",
          "https://en.wikipedia.org/wiki/Wife",
          "https://en.wikipedia.org/wiki/Woman",
          "https://en.wikipedia.org/wiki/Woman"
        ]
      }
    ]
  }
]