[
  {
    "category": "shrek",
    "domain": "movie",
    "keywords": {
      "Amy Poehler": {
        "keyword_type": "name_entity",
        "keyword_provider": "wiki_hyperlinks",
        "scrap_mode": "in_page",
        "scrap_shared_area": "Yes",
        "targeted_scrap_area": [
          {
            "source_tag": "default",
            "scrap_area_type": "wiki_urls",
            "scrap_area_specification": [
              "https://en.wikipedia.org/wiki/Amy_Poehler"
            ]
          }
        ]
      },
      "Amy Sedaris": {
        "keyword_type": "name_entity",
        "keyword_provider": "wiki_hyperlinks",
        "scrap_mode": "in_page",
        "scrap_shared_area": "Yes",
        "targeted_scrap_area": [
          {
            "source_tag": "default",
            "scrap_area_type": "wiki_urls",
            "scrap_area_specification": [
              "https://en.wikipedia.org/wiki/Amy_Sedaris"
            ]
          }
        ]
      },
      "Andr\u00e9 Sogliuzzo": {
        "keyword_type": "name_entity",
        "keyword_provider": "wiki_hyperlinks",
        "scrap_mode": "in_page",
        "scrap_shared_area": "Yes",
        "targeted_scrap_area": [
          {
            "source_tag": "default",
            "scrap_area_type": "wiki_urls",
            "scrap_area_specification": [
              "https://en.wikipedia.org/wiki/Andr%C3%A9_Sogliuzzo"
            ]
          }
        ]
      },
      "Antonio Banderas": {
        "keyword_type": "name_entity",
        "keyword_provider": "wiki_hyperlinks",
        "scrap_mode": "in_page",
        "scrap_shared_area": "Yes",
        "targeted_scrap_area": [
          {
            "source_tag": "default",
            "scrap_area_type": "wiki_urls",
            "scrap_area_specification": [
              "https://en.wikipedia.org/wiki/Antonio_Banderas"
            ]
          }
        ]
      },
      "Billy Bob Thornton": {
        "keyword_type": "name_entity",
        "keyword_provider": "wiki_hyperlinks",
        "scrap_mode": "in_page",
        "scrap_shared_area": "Yes",
        "targeted_scrap_area": [
          {
            "source_tag": "default",
            "scrap_area_type": "wiki_urls",
            "scrap_area_specification": [
              "https://en.wikipedia.org/wiki/Billy_Bob_Thornton"
            ]
          }
        ]
      },
      "Cameron Diaz": {
        "keyword_type": "name_entity",
        "keyword_provider": "wiki_hyperlinks",
        "scrap_mode": "in_page",
        "scrap_shared_area": "Yes",
        "targeted_scrap_area": [
          {
            "source_tag": "default",
            "scrap_area_type": "wiki_urls",
            "scrap_area_specification": [
              "https://en.wikipedia.org/wiki/Cameron_Diaz"
            ]
          }
        ]
      },
      "Chris Farley": {
        "keyword_type": "name_entity",
        "keyword_provider": "wiki_hyperlinks",
        "scrap_mode": "in_page",
        "scrap_shared_area": "Yes",
        "targeted_scrap_area": [
          {
            "source_tag": "default",
            "scrap_area_type": "wiki_urls",
            "scrap_area_specification": [
              "https://en.wikipedia.org/wiki/Chris_Farley"
            ]
          }
        ]
      },
      "Chris Miller": {
        "keyword_type": "name_entity",
        "keyword_provider": "wiki_hyperlinks",
        "scrap_mode": "in_page",
        "scrap_shared_area": "Yes",
        "targeted_scrap_area": [
          {
            "source_tag": "default",
            "scrap_area_type": "wiki_urls",
            "scrap_area_specification": [
              "https://en.wikipedia.org/wiki/Chris_Miller"
            ]
          }
        ]
      },
      "Chris Miller (animator)": {
        "keyword_type": "name_entity",
        "keyword_provider": "wiki_hyperlinks",
        "scrap_mode": "in_page",
        "scrap_shared_area": "Yes",
        "targeted_scrap_area": [
          {
            "source_tag": "default",
            "scrap_area_type": "wiki_urls",
            "scrap_area_specification": [
              "https://en.wikipedia.org/wiki/Chris_Miller_(animator)"
            ]
          }
        ]
      },
      "Christopher Knights": {
        "keyword_type": "name_entity",
        "keyword_provider": "wiki_hyperlinks",
        "scrap_mode": "in_page",
        "scrap_shared_area": "Yes",
        "targeted_scrap_area": [
          {
            "source_tag": "default",
            "scrap_area_type": "wiki_urls",
            "scrap_area_specification": [
              "https://en.wikipedia.org/wiki/Christopher_Knights"
            ]
          }
        ]
      },
      "Cinderella": {
        "keyword_type": "name_entity",
        "keyword_provider": "wiki_hyperlinks",
        "scrap_mode": "in_page",
        "scrap_shared_area": "Yes",
        "targeted_scrap_area": [
          {
            "source_tag": "default",
            "scrap_area_type": "wiki_urls",
            "scrap_area_specification": [
              "https://en.wikipedia.org/wiki/Cinderella"
            ]
          }
        ]
      },
      "Conrad Vernon": {
        "keyword_type": "name_entity",
        "keyword_provider": "wiki_hyperlinks",
        "scrap_mode": "in_page",
        "scrap_shared_area": "Yes",
        "targeted_scrap_area": [
          {
            "source_tag": "default",
            "scrap_area_type": "wiki_urls",
            "scrap_area_specification": [
              "https://en.wikipedia.org/wiki/Conrad_Vernon"
            ]
          }
        ]
      },
      "Craig Robinson (actor)": {
        "keyword_type": "name_entity",
        "keyword_provider": "wiki_hyperlinks",
        "scrap_mode": "in_page",
        "scrap_shared_area": "Yes",
        "targeted_scrap_area": [
          {
            "source_tag": "default",
            "scrap_area_type": "wiki_urls",
            "scrap_area_specification": [
              "https://en.wikipedia.org/wiki/Craig_Robinson_(actor)"
            ]
          }
        ]
      },
      "Dean Edwards": {
        "keyword_type": "name_entity",
        "keyword_provider": "wiki_hyperlinks",
        "scrap_mode": "in_page",
        "scrap_shared_area": "Yes",
        "targeted_scrap_area": [
          {
            "source_tag": "default",
            "scrap_area_type": "wiki_urls",
            "scrap_area_specification": [
              "https://en.wikipedia.org/wiki/Dean_Edwards"
            ]
          }
        ]
      },
      "Eddie Murphy": {
        "keyword_type": "name_entity",
        "keyword_provider": "wiki_hyperlinks",
        "scrap_mode": "in_page",
        "scrap_shared_area": "Yes",
        "targeted_scrap_area": [
          {
            "source_tag": "default",
            "scrap_area_type": "wiki_urls",
            "scrap_area_specification": [
              "https://en.wikipedia.org/wiki/Eddie_Murphy"
            ]
          }
        ]
      },
      "Eric Bauza": {
        "keyword_type": "name_entity",
        "keyword_provider": "wiki_hyperlinks",
        "scrap_mode": "in_page",
        "scrap_shared_area": "Yes",
        "targeted_scrap_area": [
          {
            "source_tag": "default",
            "scrap_area_type": "wiki_urls",
            "scrap_area_specification": [
              "https://en.wikipedia.org/wiki/Eric_Bauza"
            ]
          }
        ]
      },
      "Eric Idle": {
        "keyword_type": "name_entity",
        "keyword_provider": "wiki_hyperlinks",
        "scrap_mode": "in_page",
        "scrap_shared_area": "Yes",
        "targeted_scrap_area": [
          {
            "source_tag": "default",
            "scrap_area_type": "wiki_urls",
            "scrap_area_specification": [
              "https://en.wikipedia.org/wiki/Eric_Idle"
            ]
          }
        ]
      },
      "Evil Queen": {
        "keyword_type": "name_entity",
        "keyword_provider": "wiki_hyperlinks",
        "scrap_mode": "in_page",
        "scrap_shared_area": "Yes",
        "targeted_scrap_area": [
          {
            "source_tag": "default",
            "scrap_area_type": "wiki_urls",
            "scrap_area_specification": [
              "https://en.wikipedia.org/wiki/Evil_Queen"
            ]
          }
        ]
      },
      "Fairy Godmother (Shrek)": {
        "keyword_type": "name_entity",
        "keyword_provider": "wiki_hyperlinks",
        "scrap_mode": "in_page",
        "scrap_shared_area": "Yes",
        "targeted_scrap_area": [
          {
            "source_tag": "default",
            "scrap_area_type": "wiki_urls",
            "scrap_area_specification": [
              "https://en.wikipedia.org/wiki/Fairy_Godmother_(Shrek)"
            ]
          }
        ]
      },
      "Frank Welker": {
        "keyword_type": "name_entity",
        "keyword_provider": "wiki_hyperlinks",
        "scrap_mode": "in_page",
        "scrap_shared_area": "Yes",
        "targeted_scrap_area": [
          {
            "source_tag": "default",
            "scrap_area_type": "wiki_urls",
            "scrap_area_specification": [
              "https://en.wikipedia.org/wiki/Frank_Welker"
            ]
          }
        ]
      },
      "Fruit Ninja: Puss in Boots": {
        "keyword_type": "name_entity",
        "keyword_provider": "wiki_hyperlinks",
        "scrap_mode": "in_page",
        "scrap_shared_area": "Yes",
        "targeted_scrap_area": [
          {
            "source_tag": "default",
            "scrap_area_type": "wiki_urls",
            "scrap_area_specification": [
              "https://en.wikipedia.org/wiki/Fruit_Ninja:_Puss_in_Boots"
            ]
          }
        ]
      },
      "The Goose that Laid the Golden Eggs": {
        "keyword_type": "name_entity",
        "keyword_provider": "wiki_hyperlinks",
        "scrap_mode": "in_page",
        "scrap_shared_area": "Yes",
        "targeted_scrap_area": [
          {
            "source_tag": "default",
            "scrap_area_type": "wiki_urls",
            "scrap_area_specification": [
              "https://en.wikipedia.org/wiki/The_Goose_that_Laid_the_Golden_Eggs"
            ]
          }
        ]
      },
      "Harvey Guill\u00e9n": {
        "keyword_type": "name_entity",
        "keyword_provider": "wiki_hyperlinks",
        "scrap_mode": "in_page",
        "scrap_shared_area": "Yes",
        "targeted_scrap_area": [
          {
            "source_tag": "default",
            "scrap_area_type": "wiki_urls",
            "scrap_area_specification": [
              "https://en.wikipedia.org/wiki/Harvey_Guill%C3%A9n"
            ]
          }
        ]
      },
      "Holly Fields": {
        "keyword_type": "name_entity",
        "keyword_provider": "wiki_hyperlinks",
        "scrap_mode": "in_page",
        "scrap_shared_area": "Yes",
        "targeted_scrap_area": [
          {
            "source_tag": "default",
            "scrap_area_type": "wiki_urls",
            "scrap_area_specification": [
              "https://en.wikipedia.org/wiki/Holly_Fields"
            ]
          }
        ]
      },
      "Ian McShane": {
        "keyword_type": "name_entity",
        "keyword_provider": "wiki_hyperlinks",
        "scrap_mode": "in_page",
        "scrap_shared_area": "Yes",
        "targeted_scrap_area": [
          {
            "source_tag": "default",
            "scrap_area_type": "wiki_urls",
            "scrap_area_specification": [
              "https://en.wikipedia.org/wiki/Ian_McShane"
            ]
          }
        ]
      },
      "Jack and Jill": {
        "keyword_type": "name_entity",
        "keyword_provider": "wiki_hyperlinks",
        "scrap_mode": "in_page",
        "scrap_shared_area": "Yes",
        "targeted_scrap_area": [
          {
            "source_tag": "default",
            "scrap_area_type": "wiki_urls",
            "scrap_area_specification": [
              "https://en.wikipedia.org/wiki/Jack_and_Jill"
            ]
          }
        ]
      },
      "Jack and the Beanstalk": {
        "keyword_type": "name_entity",
        "keyword_provider": "wiki_hyperlinks",
        "scrap_mode": "in_page",
        "scrap_shared_area": "Yes",
        "targeted_scrap_area": [
          {
            "source_tag": "default",
            "scrap_area_type": "wiki_urls",
            "scrap_area_specification": [
              "https://en.wikipedia.org/wiki/Jack_and_the_Beanstalk"
            ]
          }
        ]
      },
      "Jane Lynch": {
        "keyword_type": "name_entity",
        "keyword_provider": "wiki_hyperlinks",
        "scrap_mode": "in_page",
        "scrap_shared_area": "Yes",
        "targeted_scrap_area": [
          {
            "source_tag": "default",
            "scrap_area_type": "wiki_urls",
            "scrap_area_specification": [
              "https://en.wikipedia.org/wiki/Jane_Lynch"
            ]
          }
        ]
      },
      "Jennifer Saunders": {
        "keyword_type": "name_entity",
        "keyword_provider": "wiki_hyperlinks",
        "scrap_mode": "in_page",
        "scrap_shared_area": "Yes",
        "targeted_scrap_area": [
          {
            "source_tag": "default",
            "scrap_area_type": "wiki_urls",
            "scrap_area_specification": [
              "https://en.wikipedia.org/wiki/Jennifer_Saunders"
            ]
          }
        ]
      },
      "John Cleese": {
        "keyword_type": "name_entity",
        "keyword_provider": "wiki_hyperlinks",
        "scrap_mode": "in_page",
        "scrap_shared_area": "Yes",
        "targeted_scrap_area": [
          {
            "source_tag": "default",
            "scrap_area_type": "wiki_urls",
            "scrap_area_specification": [
              "https://en.wikipedia.org/wiki/John_Cleese"
            ]
          }
        ]
      },
      "John Lithgow": {
        "keyword_type": "name_entity",
        "keyword_provider": "wiki_hyperlinks",
        "scrap_mode": "in_page",
        "scrap_shared_area": "Yes",
        "targeted_scrap_area": [
          {
            "source_tag": "default",
            "scrap_area_type": "wiki_urls",
            "scrap_area_specification": [
              "https://en.wikipedia.org/wiki/John_Lithgow"
            ]
          }
        ]
      },
      "John Mulaney": {
        "keyword_type": "name_entity",
        "keyword_provider": "wiki_hyperlinks",
        "scrap_mode": "in_page",
        "scrap_shared_area": "Yes",
        "targeted_scrap_area": [
          {
            "source_tag": "default",
            "scrap_area_type": "wiki_urls",
            "scrap_area_specification": [
              "https://en.wikipedia.org/wiki/John_Mulaney"
            ]
          }
        ]
      },
      "Jon Hamm": {
        "keyword_type": "name_entity",
        "keyword_provider": "wiki_hyperlinks",
        "scrap_mode": "in_page",
        "scrap_shared_area": "Yes",
        "targeted_scrap_area": [
          {
            "source_tag": "default",
            "scrap_area_type": "wiki_urls",
            "scrap_area_specification": [
              "https://en.wikipedia.org/wiki/Jon_Hamm"
            ]
          }
        ]
      },
      "Julie Andrews": {
        "keyword_type": "name_entity",
        "keyword_provider": "wiki_hyperlinks",
        "scrap_mode": "in_page",
        "scrap_shared_area": "Yes",
        "targeted_scrap_area": [
          {
            "source_tag": "default",
            "scrap_area_type": "wiki_urls",
            "scrap_area_specification": [
              "https://en.wikipedia.org/wiki/Julie_Andrews"
            ]
          }
        ]
      },
      "Justin Timberlake": {
        "keyword_type": "name_entity",
        "keyword_provider": "wiki_hyperlinks",
        "scrap_mode": "in_page",
        "scrap_shared_area": "Yes",
        "targeted_scrap_area": [
          {
            "source_tag": "default",
            "scrap_area_type": "wiki_urls",
            "scrap_area_specification": [
              "https://en.wikipedia.org/wiki/Justin_Timberlake"
            ]
          }
        ]
      },
      "Kevin McCann": {
        "keyword_type": "name_entity",
        "keyword_provider": "wiki_hyperlinks",
        "scrap_mode": "in_page",
        "scrap_shared_area": "Yes",
        "targeted_scrap_area": [
          {
            "source_tag": "default",
            "scrap_area_type": "wiki_urls",
            "scrap_area_specification": [
              "https://en.wikipedia.org/wiki/Kevin_McCann"
            ]
          }
        ]
      },
      "King Arthur": {
        "keyword_type": "name_entity",
        "keyword_provider": "wiki_hyperlinks",
        "scrap_mode": "in_page",
        "scrap_shared_area": "Yes",
        "targeted_scrap_area": [
          {
            "source_tag": "default",
            "scrap_area_type": "wiki_urls",
            "scrap_area_specification": [
              "https://en.wikipedia.org/wiki/King_Arthur"
            ]
          }
        ]
      },
      "Larry King": {
        "keyword_type": "name_entity",
        "keyword_provider": "wiki_hyperlinks",
        "scrap_mode": "in_page",
        "scrap_shared_area": "Yes",
        "targeted_scrap_area": [
          {
            "source_tag": "default",
            "scrap_area_type": "wiki_urls",
            "scrap_area_specification": [
              "https://en.wikipedia.org/wiki/Larry_King"
            ]
          }
        ]
      },
      "Little Jack Horner": {
        "keyword_type": "name_entity",
        "keyword_provider": "wiki_hyperlinks",
        "scrap_mode": "in_page",
        "scrap_shared_area": "Yes",
        "targeted_scrap_area": [
          {
            "source_tag": "default",
            "scrap_area_type": "wiki_urls",
            "scrap_area_specification": [
              "https://en.wikipedia.org/wiki/Little_Jack_Horner"
            ]
          }
        ]
      },
      "Lord Farquaad": {
        "keyword_type": "name_entity",
        "keyword_provider": "wiki_hyperlinks",
        "scrap_mode": "in_page",
        "scrap_shared_area": "Yes",
        "targeted_scrap_area": [
          {
            "source_tag": "default",
            "scrap_area_type": "wiki_urls",
            "scrap_area_specification": [
              "https://en.wikipedia.org/wiki/Lord_Farquaad"
            ]
          }
        ]
      },
      "Magic Mirror (Snow White)": {
        "keyword_type": "name_entity",
        "keyword_provider": "wiki_hyperlinks",
        "scrap_mode": "in_page",
        "scrap_shared_area": "Yes",
        "targeted_scrap_area": [
          {
            "source_tag": "default",
            "scrap_area_type": "wiki_urls",
            "scrap_area_specification": [
              "https://en.wikipedia.org/wiki/Magic_Mirror_(Snow_White)"
            ]
          }
        ]
      },
      "Margo Rey": {
        "keyword_type": "name_entity",
        "keyword_provider": "wiki_hyperlinks",
        "scrap_mode": "in_page",
        "scrap_shared_area": "Yes",
        "targeted_scrap_area": [
          {
            "source_tag": "default",
            "scrap_area_type": "wiki_urls",
            "scrap_area_specification": [
              "https://en.wikipedia.org/wiki/Margo_Rey"
            ]
          }
        ]
      },
      "Mark Moseley (actor)": {
        "keyword_type": "name_entity",
        "keyword_provider": "wiki_hyperlinks",
        "scrap_mode": "in_page",
        "scrap_shared_area": "Yes",
        "targeted_scrap_area": [
          {
            "source_tag": "default",
            "scrap_area_type": "wiki_urls",
            "scrap_area_specification": [
              "https://en.wikipedia.org/wiki/Mark_Moseley_(actor)"
            ]
          }
        ]
      },
      "Mark Valley": {
        "keyword_type": "name_entity",
        "keyword_provider": "wiki_hyperlinks",
        "scrap_mode": "in_page",
        "scrap_shared_area": "Yes",
        "targeted_scrap_area": [
          {
            "source_tag": "default",
            "scrap_area_type": "wiki_urls",
            "scrap_area_specification": [
              "https://en.wikipedia.org/wiki/Mark_Valley"
            ]
          }
        ]
      },
      "Maya Rudolph": {
        "keyword_type": "name_entity",
        "keyword_provider": "wiki_hyperlinks",
        "scrap_mode": "in_page",
        "scrap_shared_area": "Yes",
        "targeted_scrap_area": [
          {
            "source_tag": "default",
            "scrap_area_type": "wiki_urls",
            "scrap_area_specification": [
              "https://en.wikipedia.org/wiki/Maya_Rudolph"
            ]
          }
        ]
      },
      "Michael Gough (voice actor)": {
        "keyword_type": "name_entity",
        "keyword_provider": "wiki_hyperlinks",
        "scrap_mode": "in_page",
        "scrap_shared_area": "Yes",
        "targeted_scrap_area": [
          {
            "source_tag": "default",
            "scrap_area_type": "wiki_urls",
            "scrap_area_specification": [
              "https://en.wikipedia.org/wiki/Michael_Gough_(voice_actor)"
            ]
          }
        ]
      },
      "Mike Myers": {
        "keyword_type": "name_entity",
        "keyword_provider": "wiki_hyperlinks",
        "scrap_mode": "in_page",
        "scrap_shared_area": "Yes",
        "targeted_scrap_area": [
          {
            "source_tag": "default",
            "scrap_area_type": "wiki_urls",
            "scrap_area_specification": [
              "https://en.wikipedia.org/wiki/Mike_Myers"
            ]
          }
        ]
      },
      "Peter Pan": {
        "keyword_type": "name_entity",
        "keyword_provider": "wiki_hyperlinks",
        "scrap_mode": "in_page",
        "scrap_shared_area": "Yes",
        "targeted_scrap_area": [
          {
            "source_tag": "default",
            "scrap_area_type": "wiki_urls",
            "scrap_area_specification": [
              "https://en.wikipedia.org/wiki/Peter_Pan"
            ]
          }
        ]
      },
      "Princess Fiona": {
        "keyword_type": "name_entity",
        "keyword_provider": "wiki_hyperlinks",
        "scrap_mode": "in_page",
        "scrap_shared_area": "Yes",
        "targeted_scrap_area": [
          {
            "source_tag": "default",
            "scrap_area_type": "wiki_urls",
            "scrap_area_specification": [
              "https://en.wikipedia.org/wiki/Princess_Fiona"
            ]
          }
        ]
      },
      "Puss in Boots: The Last Wish": {
        "keyword_type": "name_entity",
        "keyword_provider": "wiki_hyperlinks",
        "scrap_mode": "in_page",
        "scrap_shared_area": "Yes",
        "targeted_scrap_area": [
          {
            "source_tag": "default",
            "scrap_area_type": "wiki_urls",
            "scrap_area_specification": [
              "https://en.wikipedia.org/wiki/Puss_in_Boots:_The_Last_Wish"
            ]
          }
        ]
      },
      "Puss in Boots: The Last Wish (soundtrack)": {
        "keyword_type": "name_entity",
        "keyword_provider": "wiki_hyperlinks",
        "scrap_mode": "in_page",
        "scrap_shared_area": "Yes",
        "targeted_scrap_area": [
          {
            "source_tag": "default",
            "scrap_area_type": "wiki_urls",
            "scrap_area_specification": [
              "https://en.wikipedia.org/wiki/Puss_in_Boots:_The_Last_Wish_(soundtrack)"
            ]
          }
        ]
      },
      "Puss in Boots: The Three Diablos": {
        "keyword_type": "name_entity",
        "keyword_provider": "wiki_hyperlinks",
        "scrap_mode": "in_page",
        "scrap_shared_area": "Yes",
        "targeted_scrap_area": [
          {
            "source_tag": "default",
            "scrap_area_type": "wiki_urls",
            "scrap_area_specification": [
              "https://en.wikipedia.org/wiki/Puss_in_Boots:_The_Three_Diablos"
            ]
          }
        ]
      },
      "Puss in Boots (2011 film)": {
        "keyword_type": "name_entity",
        "keyword_provider": "wiki_hyperlinks",
        "scrap_mode": "in_page",
        "scrap_shared_area": "Yes",
        "targeted_scrap_area": [
          {
            "source_tag": "default",
            "scrap_area_type": "wiki_urls",
            "scrap_area_specification": [
              "https://en.wikipedia.org/wiki/Puss_in_Boots_(2011_film)"
            ]
          }
        ]
      },
      "Puss in Boots (Shrek)": {
        "keyword_type": "name_entity",
        "keyword_provider": "wiki_hyperlinks",
        "scrap_mode": "in_page",
        "scrap_shared_area": "Yes",
        "targeted_scrap_area": [
          {
            "source_tag": "default",
            "scrap_area_type": "wiki_urls",
            "scrap_area_specification": [
              "https://en.wikipedia.org/wiki/Puss_in_Boots_(Shrek)"
            ]
          }
        ]
      },
      "Puss in Boots (soundtrack)": {
        "keyword_type": "name_entity",
        "keyword_provider": "wiki_hyperlinks",
        "scrap_mode": "in_page",
        "scrap_shared_area": "Yes",
        "targeted_scrap_area": [
          {
            "source_tag": "default",
            "scrap_area_type": "wiki_urls",
            "scrap_area_specification": [
              "https://en.wikipedia.org/wiki/Puss_in_Boots_(soundtrack)"
            ]
          }
        ]
      },
      "Puss in Boots (video game)": {
        "keyword_type": "name_entity",
        "keyword_provider": "wiki_hyperlinks",
        "scrap_mode": "in_page",
        "scrap_shared_area": "Yes",
        "targeted_scrap_area": [
          {
            "source_tag": "default",
            "scrap_area_type": "wiki_urls",
            "scrap_area_specification": [
              "https://en.wikipedia.org/wiki/Puss_in_Boots_(video_game)"
            ]
          }
        ]
      },
      "Ray Winstone": {
        "keyword_type": "name_entity",
        "keyword_provider": "wiki_hyperlinks",
        "scrap_mode": "in_page",
        "scrap_shared_area": "Yes",
        "targeted_scrap_area": [
          {
            "source_tag": "default",
            "scrap_area_type": "wiki_urls",
            "scrap_area_specification": [
              "https://en.wikipedia.org/wiki/Ray_Winstone"
            ]
          }
        ]
      },
      "Renee Sands": {
        "keyword_type": "name_entity",
        "keyword_provider": "wiki_hyperlinks",
        "scrap_mode": "in_page",
        "scrap_shared_area": "Yes",
        "targeted_scrap_area": [
          {
            "source_tag": "default",
            "scrap_area_type": "wiki_urls",
            "scrap_area_specification": [
              "https://en.wikipedia.org/wiki/Renee_Sands"
            ]
          }
        ]
      },
      "Robin Hood": {
        "keyword_type": "name_entity",
        "keyword_provider": "wiki_hyperlinks",
        "scrap_mode": "in_page",
        "scrap_shared_area": "Yes",
        "targeted_scrap_area": [
          {
            "source_tag": "default",
            "scrap_area_type": "wiki_urls",
            "scrap_area_specification": [
              "https://en.wikipedia.org/wiki/Robin_Hood"
            ]
          }
        ]
      },
      "Rupert Everett": {
        "keyword_type": "name_entity",
        "keyword_provider": "wiki_hyperlinks",
        "scrap_mode": "in_page",
        "scrap_shared_area": "Yes",
        "targeted_scrap_area": [
          {
            "source_tag": "default",
            "scrap_area_type": "wiki_urls",
            "scrap_area_specification": [
              "https://en.wikipedia.org/wiki/Rupert_Everett"
            ]
          }
        ]
      },
      "Sally Dworsky": {
        "keyword_type": "name_entity",
        "keyword_provider": "wiki_hyperlinks",
        "scrap_mode": "in_page",
        "scrap_shared_area": "Yes",
        "targeted_scrap_area": [
          {
            "source_tag": "default",
            "scrap_area_type": "wiki_urls",
            "scrap_area_specification": [
              "https://en.wikipedia.org/wiki/Sally_Dworsky"
            ]
          }
        ]
      },
      "Salma Hayek": {
        "keyword_type": "name_entity",
        "keyword_provider": "wiki_hyperlinks",
        "scrap_mode": "in_page",
        "scrap_shared_area": "Yes",
        "targeted_scrap_area": [
          {
            "source_tag": "default",
            "scrap_area_type": "wiki_urls",
            "scrap_area_specification": [
              "https://en.wikipedia.org/wiki/Salma_Hayek"
            ]
          }
        ]
      },
      "Samson Kayo": {
        "keyword_type": "name_entity",
        "keyword_provider": "wiki_hyperlinks",
        "scrap_mode": "in_page",
        "scrap_shared_area": "Yes",
        "targeted_scrap_area": [
          {
            "source_tag": "default",
            "scrap_area_type": "wiki_urls",
            "scrap_area_specification": [
              "https://en.wikipedia.org/wiki/Samson_Kayo"
            ]
          }
        ]
      },
      "Scared Shrekless": {
        "keyword_type": "name_entity",
        "keyword_provider": "wiki_hyperlinks",
        "scrap_mode": "in_page",
        "scrap_shared_area": "Yes",
        "targeted_scrap_area": [
          {
            "source_tag": "default",
            "scrap_area_type": "wiki_urls",
            "scrap_area_specification": [
              "https://en.wikipedia.org/wiki/Scared_Shrekless"
            ]
          }
        ]
      },
      "Shrek Retold": {
        "keyword_type": "name_entity",
        "keyword_provider": "wiki_hyperlinks",
        "scrap_mode": "in_page",
        "scrap_shared_area": "Yes",
        "targeted_scrap_area": [
          {
            "source_tag": "default",
            "scrap_area_type": "wiki_urls",
            "scrap_area_specification": [
              "https://en.wikipedia.org/wiki/Shrek_Retold"
            ]
          }
        ]
      },
      "Shrek Smash n' Crash Racing": {
        "keyword_type": "name_entity",
        "keyword_provider": "wiki_hyperlinks",
        "scrap_mode": "in_page",
        "scrap_shared_area": "Yes",
        "targeted_scrap_area": [
          {
            "source_tag": "default",
            "scrap_area_type": "wiki_urls",
            "scrap_area_specification": [
              "https://en.wikipedia.org/wiki/Shrek_Smash_n%27_Crash_Racing"
            ]
          }
        ]
      },
      "Susanne Blakeslee": {
        "keyword_type": "name_entity",
        "keyword_provider": "wiki_hyperlinks",
        "scrap_mode": "in_page",
        "scrap_shared_area": "Yes",
        "targeted_scrap_area": [
          {
            "source_tag": "default",
            "scrap_area_type": "wiki_urls",
            "scrap_area_specification": [
              "https://en.wikipedia.org/wiki/Susanne_Blakeslee"
            ]
          }
        ]
      },
      "The Adventures of Puss in Boots": {
        "keyword_type": "name_entity",
        "keyword_provider": "wiki_hyperlinks",
        "scrap_mode": "in_page",
        "scrap_shared_area": "Yes",
        "targeted_scrap_area": [
          {
            "source_tag": "default",
            "scrap_area_type": "wiki_urls",
            "scrap_area_specification": [
              "https://en.wikipedia.org/wiki/The_Adventures_of_Puss_in_Boots"
            ]
          }
        ]
      },
      "Vincent Cassel": {
        "keyword_type": "name_entity",
        "keyword_provider": "wiki_hyperlinks",
        "scrap_mode": "in_page",
        "scrap_shared_area": "Yes",
        "targeted_scrap_area": [
          {
            "source_tag": "default",
            "scrap_area_type": "wiki_urls",
            "scrap_area_specification": [
              "https://en.wikipedia.org/wiki/Vincent_Cassel"
            ]
          }
        ]
      },
      "Walt Dohrn": {
        "keyword_type": "name_entity",
        "keyword_provider": "wiki_hyperlinks",
        "scrap_mode": "in_page",
        "scrap_shared_area": "Yes",
        "targeted_scrap_area": [
          {
            "source_tag": "default",
            "scrap_area_type": "wiki_urls",
            "scrap_area_specification": [
              "https://en.wikipedia.org/wiki/Walt_Dohrn"
            ]
          }
        ]
      },
      "William Steig": {
        "keyword_type": "name_entity",
        "keyword_provider": "wiki_hyperlinks",
        "scrap_mode": "in_page",
        "scrap_shared_area": "Yes",
        "targeted_scrap_area": [
          {
            "source_tag": "default",
            "scrap_area_type": "wiki_urls",
            "scrap_area_specification": [
              "https://en.wikipedia.org/wiki/William_Steig"
            ]
          }
        ]
      },
      "Wolf": {
        "keyword_type": "name_entity",
        "keyword_provider": "wiki_hyperlinks",
        "scrap_mode": "in_page",
        "scrap_shared_area": "Yes",
        "targeted_scrap_area": [
          {
            "source_tag": "default",
            "scrap_area_type": "wiki_urls",
            "scrap_area_specification": [
              "https://en.wikipedia.org/wiki/Wolf"
            ]
          }
        ]
      },
      "Zach Galifianakis": {
        "keyword_type": "name_entity",
        "keyword_provider": "wiki_hyperlinks",
        "scrap_mode": "in_page",
        "scrap_shared_area": "Yes",
        "targeted_scrap_area": [
          {
            "source_tag": "default",
            "scrap_area_type": "wiki_urls",
            "scrap_area_specification": [
              "https://en.wikipedia.org/wiki/Zach_Galifianakis"
            ]
          }
        ]
      },
      "shrek": {
        "keyword_type": "sub-concepts",
        "keyword_provider": "manual",
        "targeted_scrap_area": [
          {
            "source_tag": "default",
            "scrap_area_type": "unknown",
            "scrap_area_specification": []
          }
        ],
        "scrap_mode": "in_page",
        "scrap_shared_area": "Yes"
      }
    }
  }
]