[
  {
    "category": "hinduism",
    "domain": "religion",
    "keywords": {
      "hind\u016b": {
        "keyword_type": "sub-concepts",
        "keyword_provider": "embedding",
        "scrap_mode": "in_page",
        "scrap_shared_area": "Yes"
      },
      "hindu": {
        "keyword_type": "sub-concepts",
        "keyword_provider": "embedding",
        "scrap_mode": "in_page",
        "scrap_shared_area": "Yes"
      },
      "vedic": {
        "keyword_type": "sub-concepts",
        "keyword_provider": "embedding",
        "scrap_mode": "in_page",
        "scrap_shared_area": "Yes"
      },
      "sanskrit": {
        "keyword_type": "sub-concepts",
        "keyword_provider": "embedding",
        "scrap_mode": "in_page",
        "scrap_shared_area": "Yes"
      },
      "buddhism": {
        "keyword_type": "sub-concepts",
        "keyword_provider": "embedding",
        "scrap_mode": "in_page",
        "scrap_shared_area": "Yes"
      },
      "krishna": {
        "keyword_type": "sub-concepts",
        "keyword_provider": "embedding",
        "scrap_mode": "in_page",
        "scrap_shared_area": "Yes"
      },
      "buddhist": {
        "keyword_type": "sub-concepts",
        "keyword_provider": "embedding",
        "scrap_mode": "in_page",
        "scrap_shared_area": "Yes"
      },
      "hinduism": {
        "keyword_type": "sub-concepts",
        "keyword_provider": "manual",
        "targeted_scrap_area": [
          {
            "source_tag": "default",
            "scrap_area_type": "unknown",
            "scrap_area_specification": []
          }
        ],
        "scrap_mode": "in_page",
        "scrap_shared_area": "Yes"
      }
    }
  }
]