[
  {
    "category": "capitalism",
    "domain": "political-ideology",
    "keywords": {
      "capitalism": {
        "keyword_type": "sub-concepts",
        "keyword_provider": "manual",
        "targeted_scrap_area": [
          {
            "source_tag": "default",
            "scrap_area_type": "unknown",
            "scrap_area_specification": []
          }
        ],
        "scrap_mode": "in_page",
        "scrap_shared_area": "Yes"
      },
      "capitalist": {
        "keyword_type": "sub-concepts",
        "keyword_provider": "embedding",
        "scrap_mode": "in_page",
        "scrap_shared_area": "Yes"
      },
      "economies": {
        "keyword_type": "sub-concepts",
        "keyword_provider": "embedding",
        "scrap_mode": "in_page",
        "scrap_shared_area": "Yes"
      },
      "economy": {
        "keyword_type": "sub-concepts",
        "keyword_provider": "embedding",
        "scrap_mode": "in_page",
        "scrap_shared_area": "Yes"
      },
      "economic": {
        "keyword_type": "sub-concepts",
        "keyword_provider": "embedding",
        "scrap_mode": "in_page",
        "scrap_shared_area": "Yes"
      },
      "socialism": {
        "keyword_type": "sub-concepts",
        "keyword_provider": "embedding",
        "scrap_mode": "in_page",
        "scrap_shared_area": "Yes"
      },
      "profit": {
        "keyword_type": "sub-concepts",
        "keyword_provider": "embedding",
        "scrap_mode": "in_page",
        "scrap_shared_area": "Yes"
      }
    },
    "category_shared_scrap_area": [
      {
        "source_tag": "wiki",
        "scrap_area_type": "wiki_urls",
        "scrap_area_specification": [
          "https://en.wikipedia.org/wiki/Capitalism",
          "https://en.wikipedia.org/wiki/Advanced_capitalism",
          "https://en.wikipedia.org/wiki/Culture_of_capitalism",
          "https://en.wikipedia.org/wiki/Capitalism",
          "https://en.wikipedia.org/wiki/History_of_capitalism",
          "https://en.wikipedia.org/wiki/Perspectives_on_capitalism_by_school_of_thought"
        ]
      }
    ]
  }
]