[
  {
    "category": "basketball_player",
    "domain": "profession",
    "keywords": {
      "nba": {
        "keyword_type": "sub-concepts",
        "keyword_provider": "embedding",
        "scrap_mode": "in_page",
        "scrap_shared_area": "Yes"
      },
      "dribbling": {
        "keyword_type": "sub-concepts",
        "keyword_provider": "embedding",
        "scrap_mode": "in_page",
        "scrap_shared_area": "Yes"
      },
      "lebron": {
        "keyword_type": "sub-concepts",
        "keyword_provider": "embedding",
        "scrap_mode": "in_page",
        "scrap_shared_area": "Yes"
      },
      "athletes": {
        "keyword_type": "sub-concepts",
        "keyword_provider": "embedding",
        "scrap_mode": "in_page",
        "scrap_shared_area": "Yes"
      },
      "fiba": {
        "keyword_type": "sub-concepts",
        "keyword_provider": "embedding",
        "scrap_mode": "in_page",
        "scrap_shared_area": "Yes"
      },
      "shaquille": {
        "keyword_type": "sub-concepts",
        "keyword_provider": "embedding",
        "scrap_mode": "in_page",
        "scrap_shared_area": "Yes"
      },
      "celtics": {
        "keyword_type": "sub-concepts",
        "keyword_provider": "embedding",
        "scrap_mode": "in_page",
        "scrap_shared_area": "Yes"
      },
      "basketball_player": {
        "keyword_type": "sub-concepts",
        "keyword_provider": "manual",
        "targeted_scrap_area": [
          {
            "source_tag": "default",
            "scrap_area_type": "unknown",
            "scrap_area_specification": []
          }
        ],
        "scrap_mode": "in_page",
        "scrap_shared_area": "Yes"
      }
    }
  }
]