[
  {
    "category": "atheism",
    "domain": "religion",
    "keywords": {
      "fundamentalism": {
        "keyword_type": "sub-concepts",
        "keyword_provider": "embedding",
        "scrap_mode": "in_page",
        "scrap_shared_area": "Yes"
      },
      "at": {
        "keyword_type": "sub-concepts",
        "keyword_provider": "embedding",
        "scrap_mode": "in_page",
        "scrap_shared_area": "Yes"
      },
      "deism": {
        "keyword_type": "sub-concepts",
        "keyword_provider": "embedding",
        "scrap_mode": "in_page",
        "scrap_shared_area": "Yes"
      },
      "religiosity": {
        "keyword_type": "sub-concepts",
        "keyword_provider": "embedding",
        "scrap_mode": "in_page",
        "scrap_shared_area": "Yes"
      },
      "theological": {
        "keyword_type": "sub-concepts",
        "keyword_provider": "embedding",
        "scrap_mode": "in_page",
        "scrap_shared_area": "Yes"
      },
      "religion": {
        "keyword_type": "sub-concepts",
        "keyword_provider": "embedding",
        "scrap_mode": "in_page",
        "scrap_shared_area": "Yes"
      },
      "theology": {
        "keyword_type": "sub-concepts",
        "keyword_provider": "embedding",
        "scrap_mode": "in_page",
        "scrap_shared_area": "Yes"
      },
      "agnostic": {
        "keyword_type": "sub-concepts",
        "keyword_provider": "embedding",
        "scrap_mode": "in_page",
        "scrap_shared_area": "Yes"
      },
      "religious": {
        "keyword_type": "sub-concepts",
        "keyword_provider": "embedding",
        "scrap_mode": "in_page",
        "scrap_shared_area": "Yes"
      },
      "theologians": {
        "keyword_type": "sub-concepts",
        "keyword_provider": "embedding",
        "scrap_mode": "in_page",
        "scrap_shared_area": "Yes"
      },
      "secular": {
        "keyword_type": "sub-concepts",
        "keyword_provider": "embedding",
        "scrap_mode": "in_page",
        "scrap_shared_area": "Yes"
      },
      "divinity": {
        "keyword_type": "sub-concepts",
        "keyword_provider": "embedding",
        "scrap_mode": "in_page",
        "scrap_shared_area": "Yes"
      },
      "believers": {
        "keyword_type": "sub-concepts",
        "keyword_provider": "embedding",
        "scrap_mode": "in_page",
        "scrap_shared_area": "Yes"
      },
      "christianity": {
        "keyword_type": "sub-concepts",
        "keyword_provider": "embedding",
        "scrap_mode": "in_page",
        "scrap_shared_area": "Yes"
      },
      "\u00e1theos": {
        "keyword_type": "sub-concepts",
        "keyword_provider": "embedding",
        "scrap_mode": "in_page",
        "scrap_shared_area": "Yes"
      },
      "atheism": {
        "keyword_type": "sub-concepts",
        "keyword_provider": "manual",
        "targeted_scrap_area": [
          {
            "source_tag": "default",
            "scrap_area_type": "unknown",
            "scrap_area_specification": []
          }
        ],
        "scrap_mode": "in_page",
        "scrap_shared_area": "Yes"
      }
    }
  }
]